:Activity Wizard.m_contents.Answer_Network.m_answerNetTabs.qt_tabwidget_stackedwidget.m_assessOptTab.m_comparatorTreeLV	Activity Wizard.m_contents.Answer_Network.m_answerNetTabs.qt_tabwidget_stackedwidget.m_assessOptTab.m_comparatorTreeLV
:Activity Wizard.m_navigationBtnGrp.AnswerNetworkBtn	Activity Wizard.m_navigationBtnGrp.AnswerNetworkBtn
:CAppWindowBase	CAppWindowBase
:CAppWindowBase.Use as the Answer Network? -- Packet Tracer.qt_msgbox_buttonbox.Yes	CAppWindowBase.Use as the Answer Network? -- Packet Tracer.qt_msgbox_buttonbox.Yes
:CAppWindowBase.centralwidget.m_pNetWorkCompBoxFrame.QSplitter1.CNetworkComponentBox.DeviceSpecificWidget.QScrollArea1.qt_scrollarea_viewport.QWidget1.CDeviceButton2	CAppWindowBase.centralwidget.m_pNetWorkCompBoxFrame.QSplitter1.CNetworkComponentBox.DeviceSpecificWidget.QScrollArea1.qt_scrollarea_viewport.QWidget1.CDeviceButton2
:CAppWindowBase.centralwidget.m_pWorkSpaceWnd.CViewArea_Window1.PDU Info.CBasePDUInfoClass.m_PDUInfoTabWidget.qt_tabwidget_stackedwidget.m_osiModelPage.m_OSIExplanationText	CAppWindowBase.centralwidget.m_pWorkSpaceWnd.CViewArea_Window1.PDU Info.CBasePDUInfoClass.m_PDUInfoTabWidget.qt_tabwidget_stackedwidget.m_osiModelPage.m_OSIExplanationText
:CAppWindowBase.centralwidget.m_pWorkSpaceWnd.CViewArea_Window1.PDU Info.CBasePDUInfoClass.m_PDUInfoTabWidget.qt_tabwidget_tabbar.TabItem2	CAppWindowBase.centralwidget.m_pWorkSpaceWnd.CViewArea_Window1.PDU Info.CBasePDUInfoClass.m_PDUInfoTabWidget.qt_tabwidget_tabbar.TabItem2
:CAppWindowBase.centralwidget.m_pWorkSpaceWnd.CViewArea_Window1.PDU Information at Device: R2.CBasePDUInfoClass.m_PDUInfoTabWidget.qt_tabwidget_tabbar	CAppWindowBase.centralwidget.m_pWorkSpaceWnd.CViewArea_Window1.PDU Information at Device: R2.CBasePDUInfoClass.m_PDUInfoTabWidget.qt_tabwidget_tabbar
:CAppWindowBase.centralwidget.m_pWorkSpaceWnd.ViewArea_Window.PDU Info	CAppWindowBase.centralwidget.m_pWorkSpaceWnd.ViewArea_Window.PDU Info
:CAppWindowBase.centralwidget.m_pWorkSpaceWnd.ViewArea_Window.PDU Info.PDU Info.m_PDUInfoTabWidget.qt_tabwidget_stackedwidget.m_InPDUDetailsPage.m_InPDUGroupBox.QScrollArea1.qt_scrollarea_vcontainer.QScrollBar1	CAppWindowBase.centralwidget.m_pWorkSpaceWnd.ViewArea_Window.PDU Info.PDU Info.m_PDUInfoTabWidget.qt_tabwidget_stackedwidget.m_InPDUDetailsPage.m_InPDUGroupBox.QScrollArea1.qt_scrollarea_vcontainer.QScrollBar1
:CAppWindowBase.centralwidget.m_pWorkSpaceWnd.ViewArea_Window.PDU Info.PDU Info.m_PDUInfoTabWidget.qt_tabwidget_stackedwidget.m_InPDUDetailsPage.m_InPDUGroupBox.QScrollArea1.qt_scrollarea_viewport.QWidget1.CBaseICMPHeader.m_headerType	CAppWindowBase.centralwidget.m_pWorkSpaceWnd.ViewArea_Window.PDU Info.PDU Info.m_PDUInfoTabWidget.qt_tabwidget_stackedwidget.m_InPDUDetailsPage.m_InPDUGroupBox.QScrollArea1.qt_scrollarea_viewport.QWidget1.CBaseICMPHeader.m_headerType
:CAppWindowBase.centralwidget.m_pWorkSpaceWnd.ViewArea_Window.PDU Info.PDU Info.m_PDUInfoTabWidget.qt_tabwidget_stackedwidget.m_InPDUDetailsPage.m_InPDUGroupBox.QScrollArea1.qt_scrollarea_viewport.QWidget1.CBaseICMPHeader.m_txtChecksum	CAppWindowBase.centralwidget.m_pWorkSpaceWnd.ViewArea_Window.PDU Info.PDU Info.m_PDUInfoTabWidget.qt_tabwidget_stackedwidget.m_InPDUDetailsPage.m_InPDUGroupBox.QScrollArea1.qt_scrollarea_viewport.QWidget1.CBaseICMPHeader.m_txtChecksum
:CAppWindowBase.centralwidget.m_pWorkSpaceWnd.ViewArea_Window.PDU Info.PDU Info.m_PDUInfoTabWidget.qt_tabwidget_stackedwidget.m_InPDUDetailsPage.m_InPDUGroupBox.QScrollArea1.qt_scrollarea_viewport.QWidget1.CBaseICMPHeader.m_txtCode	CAppWindowBase.centralwidget.m_pWorkSpaceWnd.ViewArea_Window.PDU Info.PDU Info.m_PDUInfoTabWidget.qt_tabwidget_stackedwidget.m_InPDUDetailsPage.m_InPDUGroupBox.QScrollArea1.qt_scrollarea_viewport.QWidget1.CBaseICMPHeader.m_txtCode
:CAppWindowBase.centralwidget.m_pWorkSpaceWnd.ViewArea_Window.PDU Info.PDU Info.m_PDUInfoTabWidget.qt_tabwidget_stackedwidget.m_InPDUDetailsPage.m_InPDUGroupBox.QScrollArea1.qt_scrollarea_viewport.QWidget1.CBaseICMPHeader.m_txtID	CAppWindowBase.centralwidget.m_pWorkSpaceWnd.ViewArea_Window.PDU Info.PDU Info.m_PDUInfoTabWidget.qt_tabwidget_stackedwidget.m_InPDUDetailsPage.m_InPDUGroupBox.QScrollArea1.qt_scrollarea_viewport.QWidget1.CBaseICMPHeader.m_txtID
:CAppWindowBase.centralwidget.m_pWorkSpaceWnd.ViewArea_Window.PDU Info.PDU Info.m_PDUInfoTabWidget.qt_tabwidget_stackedwidget.m_InPDUDetailsPage.m_InPDUGroupBox.QScrollArea1.qt_scrollarea_viewport.QWidget1.CBaseICMPHeader.m_txtSeqNum	CAppWindowBase.centralwidget.m_pWorkSpaceWnd.ViewArea_Window.PDU Info.PDU Info.m_PDUInfoTabWidget.qt_tabwidget_stackedwidget.m_InPDUDetailsPage.m_InPDUGroupBox.QScrollArea1.qt_scrollarea_viewport.QWidget1.CBaseICMPHeader.m_txtSeqNum
:CAppWindowBase.centralwidget.m_pWorkSpaceWnd.ViewArea_Window.PDU Info.PDU Info.m_PDUInfoTabWidget.qt_tabwidget_stackedwidget.m_InPDUDetailsPage.m_InPDUGroupBox.QScrollArea1.qt_scrollarea_viewport.QWidget1.CBaseICMPHeader.m_txtType	CAppWindowBase.centralwidget.m_pWorkSpaceWnd.ViewArea_Window.PDU Info.PDU Info.m_PDUInfoTabWidget.qt_tabwidget_stackedwidget.m_InPDUDetailsPage.m_InPDUGroupBox.QScrollArea1.qt_scrollarea_viewport.QWidget1.CBaseICMPHeader.m_txtType
:CAppWindowBase.centralwidget.m_pWorkSpaceWnd.ViewArea_Window.PDU Info.PDU Info.m_PDUInfoTabWidget.qt_tabwidget_stackedwidget.m_InPDUDetailsPage.m_InPDUGroupBox.QScrollArea1.qt_scrollarea_viewport.QWidget1.CPDUEthernetII.m_headerType	CAppWindowBase.centralwidget.m_pWorkSpaceWnd.ViewArea_Window.PDU Info.PDU Info.m_PDUInfoTabWidget.qt_tabwidget_stackedwidget.m_InPDUDetailsPage.m_InPDUGroupBox.QScrollArea1.qt_scrollarea_viewport.QWidget1.CPDUEthernetII.m_headerType
:CAppWindowBase.centralwidget.m_pWorkSpaceWnd.ViewArea_Window.PDU Info.PDU Info.m_PDUInfoTabWidget.qt_tabwidget_stackedwidget.m_InPDUDetailsPage.m_InPDUGroupBox.QScrollArea1.qt_scrollarea_viewport.QWidget1.CPDUEthernetII.m_txtData	CAppWindowBase.centralwidget.m_pWorkSpaceWnd.ViewArea_Window.PDU Info.PDU Info.m_PDUInfoTabWidget.qt_tabwidget_stackedwidget.m_InPDUDetailsPage.m_InPDUGroupBox.QScrollArea1.qt_scrollarea_viewport.QWidget1.CPDUEthernetII.m_txtData
:CAppWindowBase.centralwidget.m_pWorkSpaceWnd.ViewArea_Window.PDU Info.PDU Info.m_PDUInfoTabWidget.qt_tabwidget_stackedwidget.m_InPDUDetailsPage.m_InPDUGroupBox.QScrollArea1.qt_scrollarea_viewport.QWidget1.CPDUEthernetII.m_txtDestAddr	CAppWindowBase.centralwidget.m_pWorkSpaceWnd.ViewArea_Window.PDU Info.PDU Info.m_PDUInfoTabWidget.qt_tabwidget_stackedwidget.m_InPDUDetailsPage.m_InPDUGroupBox.QScrollArea1.qt_scrollarea_viewport.QWidget1.CPDUEthernetII.m_txtDestAddr
:CAppWindowBase.centralwidget.m_pWorkSpaceWnd.ViewArea_Window.PDU Info.PDU Info.m_PDUInfoTabWidget.qt_tabwidget_stackedwidget.m_InPDUDetailsPage.m_InPDUGroupBox.QScrollArea1.qt_scrollarea_viewport.QWidget1.CPDUEthernetII.m_txtFCS	CAppWindowBase.centralwidget.m_pWorkSpaceWnd.ViewArea_Window.PDU Info.PDU Info.m_PDUInfoTabWidget.qt_tabwidget_stackedwidget.m_InPDUDetailsPage.m_InPDUGroupBox.QScrollArea1.qt_scrollarea_viewport.QWidget1.CPDUEthernetII.m_txtFCS
:CAppWindowBase.centralwidget.m_pWorkSpaceWnd.ViewArea_Window.PDU Info.PDU Info.m_PDUInfoTabWidget.qt_tabwidget_stackedwidget.m_InPDUDetailsPage.m_InPDUGroupBox.QScrollArea1.qt_scrollarea_viewport.QWidget1.CPDUEthernetII.m_txtPreamble	CAppWindowBase.centralwidget.m_pWorkSpaceWnd.ViewArea_Window.PDU Info.PDU Info.m_PDUInfoTabWidget.qt_tabwidget_stackedwidget.m_InPDUDetailsPage.m_InPDUGroupBox.QScrollArea1.qt_scrollarea_viewport.QWidget1.CPDUEthernetII.m_txtPreamble
:CAppWindowBase.centralwidget.m_pWorkSpaceWnd.ViewArea_Window.PDU Info.PDU Info.m_PDUInfoTabWidget.qt_tabwidget_stackedwidget.m_InPDUDetailsPage.m_InPDUGroupBox.QScrollArea1.qt_scrollarea_viewport.QWidget1.CPDUEthernetII.m_txtSrcAddr	CAppWindowBase.centralwidget.m_pWorkSpaceWnd.ViewArea_Window.PDU Info.PDU Info.m_PDUInfoTabWidget.qt_tabwidget_stackedwidget.m_InPDUDetailsPage.m_InPDUGroupBox.QScrollArea1.qt_scrollarea_viewport.QWidget1.CPDUEthernetII.m_txtSrcAddr
:CAppWindowBase.centralwidget.m_pWorkSpaceWnd.ViewArea_Window.PDU Info.PDU Info.m_PDUInfoTabWidget.qt_tabwidget_stackedwidget.m_InPDUDetailsPage.m_InPDUGroupBox.QScrollArea1.qt_scrollarea_viewport.QWidget1.CPDUEthernetII.m_txtType	CAppWindowBase.centralwidget.m_pWorkSpaceWnd.ViewArea_Window.PDU Info.PDU Info.m_PDUInfoTabWidget.qt_tabwidget_stackedwidget.m_InPDUDetailsPage.m_InPDUGroupBox.QScrollArea1.qt_scrollarea_viewport.QWidget1.CPDUEthernetII.m_txtType
:CAppWindowBase.centralwidget.m_pWorkSpaceWnd.ViewArea_Window.PDU Info.PDU Info.m_PDUInfoTabWidget.qt_tabwidget_stackedwidget.m_InPDUDetailsPage.m_InPDUGroupBox.QScrollArea1.qt_scrollarea_viewport.QWidget1.CPDUIP.m_txtDSCP	CAppWindowBase.centralwidget.m_pWorkSpaceWnd.ViewArea_Window.PDU Info.PDU Info.m_PDUInfoTabWidget.qt_tabwidget_stackedwidget.m_InPDUDetailsPage.m_InPDUGroupBox.QScrollArea1.qt_scrollarea_viewport.QWidget1.CPDUIP.m_txtDSCP
:CAppWindowBase.centralwidget.m_pWorkSpaceWnd.ViewArea_Window.PDU Info.PDU Info.m_PDUInfoTabWidget.qt_tabwidget_stackedwidget.m_InPDUDetailsPage.m_InPDUGroupBox.QScrollArea1.qt_scrollarea_viewport.QWidget1.CPDUIP.m_txtData	CAppWindowBase.centralwidget.m_pWorkSpaceWnd.ViewArea_Window.PDU Info.PDU Info.m_PDUInfoTabWidget.qt_tabwidget_stackedwidget.m_InPDUDetailsPage.m_InPDUGroupBox.QScrollArea1.qt_scrollarea_viewport.QWidget1.CPDUIP.m_txtData
:CAppWindowBase.centralwidget.m_pWorkSpaceWnd.ViewArea_Window.PDU Info.PDU Info.m_PDUInfoTabWidget.qt_tabwidget_stackedwidget.m_InPDUDetailsPage.m_InPDUGroupBox.QScrollArea1.qt_scrollarea_viewport.QWidget1.CPDUIP.m_txtDestIP	CAppWindowBase.centralwidget.m_pWorkSpaceWnd.ViewArea_Window.PDU Info.PDU Info.m_PDUInfoTabWidget.qt_tabwidget_stackedwidget.m_InPDUDetailsPage.m_InPDUGroupBox.QScrollArea1.qt_scrollarea_viewport.QWidget1.CPDUIP.m_txtDestIP
:CAppWindowBase.centralwidget.m_pWorkSpaceWnd.ViewArea_Window.PDU Info.PDU Info.m_PDUInfoTabWidget.qt_tabwidget_stackedwidget.m_InPDUDetailsPage.m_InPDUGroupBox.QScrollArea1.qt_scrollarea_viewport.QWidget1.CPDUIP.m_txtFlag	CAppWindowBase.centralwidget.m_pWorkSpaceWnd.ViewArea_Window.PDU Info.PDU Info.m_PDUInfoTabWidget.qt_tabwidget_stackedwidget.m_InPDUDetailsPage.m_InPDUGroupBox.QScrollArea1.qt_scrollarea_viewport.QWidget1.CPDUIP.m_txtFlag
:CAppWindowBase.centralwidget.m_pWorkSpaceWnd.ViewArea_Window.PDU Info.PDU Info.m_PDUInfoTabWidget.qt_tabwidget_stackedwidget.m_InPDUDetailsPage.m_InPDUGroupBox.QScrollArea1.qt_scrollarea_viewport.QWidget1.CPDUIP.m_txtFragOffset	CAppWindowBase.centralwidget.m_pWorkSpaceWnd.ViewArea_Window.PDU Info.PDU Info.m_PDUInfoTabWidget.qt_tabwidget_stackedwidget.m_InPDUDetailsPage.m_InPDUGroupBox.QScrollArea1.qt_scrollarea_viewport.QWidget1.CPDUIP.m_txtFragOffset
:CAppWindowBase.centralwidget.m_pWorkSpaceWnd.ViewArea_Window.PDU Info.PDU Info.m_PDUInfoTabWidget.qt_tabwidget_stackedwidget.m_InPDUDetailsPage.m_InPDUGroupBox.QScrollArea1.qt_scrollarea_viewport.QWidget1.CPDUIP.m_txtHeaderChecksum	CAppWindowBase.centralwidget.m_pWorkSpaceWnd.ViewArea_Window.PDU Info.PDU Info.m_PDUInfoTabWidget.qt_tabwidget_stackedwidget.m_InPDUDetailsPage.m_InPDUGroupBox.QScrollArea1.qt_scrollarea_viewport.QWidget1.CPDUIP.m_txtHeaderChecksum
:CAppWindowBase.centralwidget.m_pWorkSpaceWnd.ViewArea_Window.PDU Info.PDU Info.m_PDUInfoTabWidget.qt_tabwidget_stackedwidget.m_InPDUDetailsPage.m_InPDUGroupBox.QScrollArea1.qt_scrollarea_viewport.QWidget1.CPDUIP.m_txtID	CAppWindowBase.centralwidget.m_pWorkSpaceWnd.ViewArea_Window.PDU Info.PDU Info.m_PDUInfoTabWidget.qt_tabwidget_stackedwidget.m_InPDUDetailsPage.m_InPDUGroupBox.QScrollArea1.qt_scrollarea_viewport.QWidget1.CPDUIP.m_txtID
:CAppWindowBase.centralwidget.m_pWorkSpaceWnd.ViewArea_Window.PDU Info.PDU Info.m_PDUInfoTabWidget.qt_tabwidget_stackedwidget.m_InPDUDetailsPage.m_InPDUGroupBox.QScrollArea1.qt_scrollarea_viewport.QWidget1.CPDUIP.m_txtIHL	CAppWindowBase.centralwidget.m_pWorkSpaceWnd.ViewArea_Window.PDU Info.PDU Info.m_PDUInfoTabWidget.qt_tabwidget_stackedwidget.m_InPDUDetailsPage.m_InPDUGroupBox.QScrollArea1.qt_scrollarea_viewport.QWidget1.CPDUIP.m_txtIHL
:CAppWindowBase.centralwidget.m_pWorkSpaceWnd.ViewArea_Window.PDU Info.PDU Info.m_PDUInfoTabWidget.qt_tabwidget_stackedwidget.m_InPDUDetailsPage.m_InPDUGroupBox.QScrollArea1.qt_scrollarea_viewport.QWidget1.CPDUIP.m_txtOptions	CAppWindowBase.centralwidget.m_pWorkSpaceWnd.ViewArea_Window.PDU Info.PDU Info.m_PDUInfoTabWidget.qt_tabwidget_stackedwidget.m_InPDUDetailsPage.m_InPDUGroupBox.QScrollArea1.qt_scrollarea_viewport.QWidget1.CPDUIP.m_txtOptions
:CAppWindowBase.centralwidget.m_pWorkSpaceWnd.ViewArea_Window.PDU Info.PDU Info.m_PDUInfoTabWidget.qt_tabwidget_stackedwidget.m_InPDUDetailsPage.m_InPDUGroupBox.QScrollArea1.qt_scrollarea_viewport.QWidget1.CPDUIP.m_txtPadding	CAppWindowBase.centralwidget.m_pWorkSpaceWnd.ViewArea_Window.PDU Info.PDU Info.m_PDUInfoTabWidget.qt_tabwidget_stackedwidget.m_InPDUDetailsPage.m_InPDUGroupBox.QScrollArea1.qt_scrollarea_viewport.QWidget1.CPDUIP.m_txtPadding
:CAppWindowBase.centralwidget.m_pWorkSpaceWnd.ViewArea_Window.PDU Info.PDU Info.m_PDUInfoTabWidget.qt_tabwidget_stackedwidget.m_InPDUDetailsPage.m_InPDUGroupBox.QScrollArea1.qt_scrollarea_viewport.QWidget1.CPDUIP.m_txtProtocol	CAppWindowBase.centralwidget.m_pWorkSpaceWnd.ViewArea_Window.PDU Info.PDU Info.m_PDUInfoTabWidget.qt_tabwidget_stackedwidget.m_InPDUDetailsPage.m_InPDUGroupBox.QScrollArea1.qt_scrollarea_viewport.QWidget1.CPDUIP.m_txtProtocol
:CAppWindowBase.centralwidget.m_pWorkSpaceWnd.ViewArea_Window.PDU Info.PDU Info.m_PDUInfoTabWidget.qt_tabwidget_stackedwidget.m_InPDUDetailsPage.m_InPDUGroupBox.QScrollArea1.qt_scrollarea_viewport.QWidget1.CPDUIP.m_txtSrcIP	CAppWindowBase.centralwidget.m_pWorkSpaceWnd.ViewArea_Window.PDU Info.PDU Info.m_PDUInfoTabWidget.qt_tabwidget_stackedwidget.m_InPDUDetailsPage.m_InPDUGroupBox.QScrollArea1.qt_scrollarea_viewport.QWidget1.CPDUIP.m_txtSrcIP
:CAppWindowBase.centralwidget.m_pWorkSpaceWnd.ViewArea_Window.PDU Info.PDU Info.m_PDUInfoTabWidget.qt_tabwidget_stackedwidget.m_InPDUDetailsPage.m_InPDUGroupBox.QScrollArea1.qt_scrollarea_viewport.QWidget1.CPDUIP.m_txtTTL	CAppWindowBase.centralwidget.m_pWorkSpaceWnd.ViewArea_Window.PDU Info.PDU Info.m_PDUInfoTabWidget.qt_tabwidget_stackedwidget.m_InPDUDetailsPage.m_InPDUGroupBox.QScrollArea1.qt_scrollarea_viewport.QWidget1.CPDUIP.m_txtTTL
:CAppWindowBase.centralwidget.m_pWorkSpaceWnd.ViewArea_Window.PDU Info.PDU Info.m_PDUInfoTabWidget.qt_tabwidget_stackedwidget.m_InPDUDetailsPage.m_InPDUGroupBox.QScrollArea1.qt_scrollarea_viewport.QWidget1.CPDUIP.m_txtTotalLength	CAppWindowBase.centralwidget.m_pWorkSpaceWnd.ViewArea_Window.PDU Info.PDU Info.m_PDUInfoTabWidget.qt_tabwidget_stackedwidget.m_InPDUDetailsPage.m_InPDUGroupBox.QScrollArea1.qt_scrollarea_viewport.QWidget1.CPDUIP.m_txtTotalLength
:CAppWindowBase.centralwidget.m_pWorkSpaceWnd.ViewArea_Window.PDU Info.PDU Info.m_PDUInfoTabWidget.qt_tabwidget_stackedwidget.m_InPDUDetailsPage.m_InPDUGroupBox.QScrollArea1.qt_scrollarea_viewport.QWidget1.CPDUIP.m_txtVer	CAppWindowBase.centralwidget.m_pWorkSpaceWnd.ViewArea_Window.PDU Info.PDU Info.m_PDUInfoTabWidget.qt_tabwidget_stackedwidget.m_InPDUDetailsPage.m_InPDUGroupBox.QScrollArea1.qt_scrollarea_viewport.QWidget1.CPDUIP.m_txtVer
:CAppWindowBase.centralwidget.m_pWorkSpaceWnd.ViewArea_Window.PDU Info.PDU Info.m_PDUInfoTabWidget.qt_tabwidget_stackedwidget.m_OutPDUDetailsPage.m_OutPDUGroupBox.QScrollArea1.qt_scrollarea_vcontainer.QScrollBar1	CAppWindowBase.centralwidget.m_pWorkSpaceWnd.ViewArea_Window.PDU Info.PDU Info.m_PDUInfoTabWidget.qt_tabwidget_stackedwidget.m_OutPDUDetailsPage.m_OutPDUGroupBox.QScrollArea1.qt_scrollarea_vcontainer.QScrollBar1
:CAppWindowBase.centralwidget.m_pWorkSpaceWnd.ViewArea_Window.PDU Info.PDU Info.m_PDUInfoTabWidget.qt_tabwidget_stackedwidget.m_OutPDUDetailsPage.m_OutPDUGroupBox.QScrollArea1.qt_scrollarea_viewport.QWidget1.CBaseICMPHeader.m_headerType	CAppWindowBase.centralwidget.m_pWorkSpaceWnd.ViewArea_Window.PDU Info.PDU Info.m_PDUInfoTabWidget.qt_tabwidget_stackedwidget.m_OutPDUDetailsPage.m_OutPDUGroupBox.QScrollArea1.qt_scrollarea_viewport.QWidget1.CBaseICMPHeader.m_headerType
:CAppWindowBase.centralwidget.m_pWorkSpaceWnd.ViewArea_Window.PDU Info.PDU Info.m_PDUInfoTabWidget.qt_tabwidget_stackedwidget.m_OutPDUDetailsPage.m_OutPDUGroupBox.QScrollArea1.qt_scrollarea_viewport.QWidget1.CBaseICMPHeader.m_txtChecksum	CAppWindowBase.centralwidget.m_pWorkSpaceWnd.ViewArea_Window.PDU Info.PDU Info.m_PDUInfoTabWidget.qt_tabwidget_stackedwidget.m_OutPDUDetailsPage.m_OutPDUGroupBox.QScrollArea1.qt_scrollarea_viewport.QWidget1.CBaseICMPHeader.m_txtChecksum
:CAppWindowBase.centralwidget.m_pWorkSpaceWnd.ViewArea_Window.PDU Info.PDU Info.m_PDUInfoTabWidget.qt_tabwidget_stackedwidget.m_OutPDUDetailsPage.m_OutPDUGroupBox.QScrollArea1.qt_scrollarea_viewport.QWidget1.CBaseICMPHeader.m_txtCode	CAppWindowBase.centralwidget.m_pWorkSpaceWnd.ViewArea_Window.PDU Info.PDU Info.m_PDUInfoTabWidget.qt_tabwidget_stackedwidget.m_OutPDUDetailsPage.m_OutPDUGroupBox.QScrollArea1.qt_scrollarea_viewport.QWidget1.CBaseICMPHeader.m_txtCode
:CAppWindowBase.centralwidget.m_pWorkSpaceWnd.ViewArea_Window.PDU Info.PDU Info.m_PDUInfoTabWidget.qt_tabwidget_stackedwidget.m_OutPDUDetailsPage.m_OutPDUGroupBox.QScrollArea1.qt_scrollarea_viewport.QWidget1.CBaseICMPHeader.m_txtID	CAppWindowBase.centralwidget.m_pWorkSpaceWnd.ViewArea_Window.PDU Info.PDU Info.m_PDUInfoTabWidget.qt_tabwidget_stackedwidget.m_OutPDUDetailsPage.m_OutPDUGroupBox.QScrollArea1.qt_scrollarea_viewport.QWidget1.CBaseICMPHeader.m_txtID
:CAppWindowBase.centralwidget.m_pWorkSpaceWnd.ViewArea_Window.PDU Info.PDU Info.m_PDUInfoTabWidget.qt_tabwidget_stackedwidget.m_OutPDUDetailsPage.m_OutPDUGroupBox.QScrollArea1.qt_scrollarea_viewport.QWidget1.CBaseICMPHeader.m_txtSeqNum	CAppWindowBase.centralwidget.m_pWorkSpaceWnd.ViewArea_Window.PDU Info.PDU Info.m_PDUInfoTabWidget.qt_tabwidget_stackedwidget.m_OutPDUDetailsPage.m_OutPDUGroupBox.QScrollArea1.qt_scrollarea_viewport.QWidget1.CBaseICMPHeader.m_txtSeqNum
:CAppWindowBase.centralwidget.m_pWorkSpaceWnd.ViewArea_Window.PDU Info.PDU Info.m_PDUInfoTabWidget.qt_tabwidget_stackedwidget.m_OutPDUDetailsPage.m_OutPDUGroupBox.QScrollArea1.qt_scrollarea_viewport.QWidget1.CBaseICMPHeader.m_txtType	CAppWindowBase.centralwidget.m_pWorkSpaceWnd.ViewArea_Window.PDU Info.PDU Info.m_PDUInfoTabWidget.qt_tabwidget_stackedwidget.m_OutPDUDetailsPage.m_OutPDUGroupBox.QScrollArea1.qt_scrollarea_viewport.QWidget1.CBaseICMPHeader.m_txtType
:CAppWindowBase.centralwidget.m_pWorkSpaceWnd.ViewArea_Window.PDU Info.PDU Info.m_PDUInfoTabWidget.qt_tabwidget_stackedwidget.m_OutPDUDetailsPage.m_OutPDUGroupBox.QScrollArea1.qt_scrollarea_viewport.QWidget1.CPDUEthernetII.m_headerType	CAppWindowBase.centralwidget.m_pWorkSpaceWnd.ViewArea_Window.PDU Info.PDU Info.m_PDUInfoTabWidget.qt_tabwidget_stackedwidget.m_OutPDUDetailsPage.m_OutPDUGroupBox.QScrollArea1.qt_scrollarea_viewport.QWidget1.CPDUEthernetII.m_headerType
:CAppWindowBase.centralwidget.m_pWorkSpaceWnd.ViewArea_Window.PDU Info.PDU Info.m_PDUInfoTabWidget.qt_tabwidget_stackedwidget.m_OutPDUDetailsPage.m_OutPDUGroupBox.QScrollArea1.qt_scrollarea_viewport.QWidget1.CPDUEthernetII.m_txtData	CAppWindowBase.centralwidget.m_pWorkSpaceWnd.ViewArea_Window.PDU Info.PDU Info.m_PDUInfoTabWidget.qt_tabwidget_stackedwidget.m_OutPDUDetailsPage.m_OutPDUGroupBox.QScrollArea1.qt_scrollarea_viewport.QWidget1.CPDUEthernetII.m_txtData
:CAppWindowBase.centralwidget.m_pWorkSpaceWnd.ViewArea_Window.PDU Info.PDU Info.m_PDUInfoTabWidget.qt_tabwidget_stackedwidget.m_OutPDUDetailsPage.m_OutPDUGroupBox.QScrollArea1.qt_scrollarea_viewport.QWidget1.CPDUEthernetII.m_txtDestAddr	CAppWindowBase.centralwidget.m_pWorkSpaceWnd.ViewArea_Window.PDU Info.PDU Info.m_PDUInfoTabWidget.qt_tabwidget_stackedwidget.m_OutPDUDetailsPage.m_OutPDUGroupBox.QScrollArea1.qt_scrollarea_viewport.QWidget1.CPDUEthernetII.m_txtDestAddr
:CAppWindowBase.centralwidget.m_pWorkSpaceWnd.ViewArea_Window.PDU Info.PDU Info.m_PDUInfoTabWidget.qt_tabwidget_stackedwidget.m_OutPDUDetailsPage.m_OutPDUGroupBox.QScrollArea1.qt_scrollarea_viewport.QWidget1.CPDUEthernetII.m_txtFCS	CAppWindowBase.centralwidget.m_pWorkSpaceWnd.ViewArea_Window.PDU Info.PDU Info.m_PDUInfoTabWidget.qt_tabwidget_stackedwidget.m_OutPDUDetailsPage.m_OutPDUGroupBox.QScrollArea1.qt_scrollarea_viewport.QWidget1.CPDUEthernetII.m_txtFCS
:CAppWindowBase.centralwidget.m_pWorkSpaceWnd.ViewArea_Window.PDU Info.PDU Info.m_PDUInfoTabWidget.qt_tabwidget_stackedwidget.m_OutPDUDetailsPage.m_OutPDUGroupBox.QScrollArea1.qt_scrollarea_viewport.QWidget1.CPDUEthernetII.m_txtPreamble	CAppWindowBase.centralwidget.m_pWorkSpaceWnd.ViewArea_Window.PDU Info.PDU Info.m_PDUInfoTabWidget.qt_tabwidget_stackedwidget.m_OutPDUDetailsPage.m_OutPDUGroupBox.QScrollArea1.qt_scrollarea_viewport.QWidget1.CPDUEthernetII.m_txtPreamble
:CAppWindowBase.centralwidget.m_pWorkSpaceWnd.ViewArea_Window.PDU Info.PDU Info.m_PDUInfoTabWidget.qt_tabwidget_stackedwidget.m_OutPDUDetailsPage.m_OutPDUGroupBox.QScrollArea1.qt_scrollarea_viewport.QWidget1.CPDUEthernetII.m_txtSrcAddr	CAppWindowBase.centralwidget.m_pWorkSpaceWnd.ViewArea_Window.PDU Info.PDU Info.m_PDUInfoTabWidget.qt_tabwidget_stackedwidget.m_OutPDUDetailsPage.m_OutPDUGroupBox.QScrollArea1.qt_scrollarea_viewport.QWidget1.CPDUEthernetII.m_txtSrcAddr
:CAppWindowBase.centralwidget.m_pWorkSpaceWnd.ViewArea_Window.PDU Info.PDU Info.m_PDUInfoTabWidget.qt_tabwidget_stackedwidget.m_OutPDUDetailsPage.m_OutPDUGroupBox.QScrollArea1.qt_scrollarea_viewport.QWidget1.CPDUEthernetII.m_txtType	CAppWindowBase.centralwidget.m_pWorkSpaceWnd.ViewArea_Window.PDU Info.PDU Info.m_PDUInfoTabWidget.qt_tabwidget_stackedwidget.m_OutPDUDetailsPage.m_OutPDUGroupBox.QScrollArea1.qt_scrollarea_viewport.QWidget1.CPDUEthernetII.m_txtType
:CAppWindowBase.centralwidget.m_pWorkSpaceWnd.ViewArea_Window.PDU Info.PDU Info.m_PDUInfoTabWidget.qt_tabwidget_stackedwidget.m_OutPDUDetailsPage.m_OutPDUGroupBox.QScrollArea1.qt_scrollarea_viewport.QWidget1.CPDUHDLC.m_txtAddr	CAppWindowBase.centralwidget.m_pWorkSpaceWnd.ViewArea_Window.PDU Info.PDU Info.m_PDUInfoTabWidget.qt_tabwidget_stackedwidget.m_OutPDUDetailsPage.m_OutPDUGroupBox.QScrollArea1.qt_scrollarea_viewport.QWidget1.CPDUHDLC.m_txtAddr
:CAppWindowBase.centralwidget.m_pWorkSpaceWnd.ViewArea_Window.PDU Info.PDU Info.m_PDUInfoTabWidget.qt_tabwidget_stackedwidget.m_OutPDUDetailsPage.m_OutPDUGroupBox.QScrollArea1.qt_scrollarea_viewport.QWidget1.CPDUHDLC.m_txtControl	CAppWindowBase.centralwidget.m_pWorkSpaceWnd.ViewArea_Window.PDU Info.PDU Info.m_PDUInfoTabWidget.qt_tabwidget_stackedwidget.m_OutPDUDetailsPage.m_OutPDUGroupBox.QScrollArea1.qt_scrollarea_viewport.QWidget1.CPDUHDLC.m_txtControl
:CAppWindowBase.centralwidget.m_pWorkSpaceWnd.ViewArea_Window.PDU Info.PDU Info.m_PDUInfoTabWidget.qt_tabwidget_stackedwidget.m_OutPDUDetailsPage.m_OutPDUGroupBox.QScrollArea1.qt_scrollarea_viewport.QWidget1.CPDUHDLC.m_txtData	CAppWindowBase.centralwidget.m_pWorkSpaceWnd.ViewArea_Window.PDU Info.PDU Info.m_PDUInfoTabWidget.qt_tabwidget_stackedwidget.m_OutPDUDetailsPage.m_OutPDUGroupBox.QScrollArea1.qt_scrollarea_viewport.QWidget1.CPDUHDLC.m_txtData
:CAppWindowBase.centralwidget.m_pWorkSpaceWnd.ViewArea_Window.PDU Info.PDU Info.m_PDUInfoTabWidget.qt_tabwidget_stackedwidget.m_OutPDUDetailsPage.m_OutPDUGroupBox.QScrollArea1.qt_scrollarea_viewport.QWidget1.CPDUHDLC.m_txtEndFlag	CAppWindowBase.centralwidget.m_pWorkSpaceWnd.ViewArea_Window.PDU Info.PDU Info.m_PDUInfoTabWidget.qt_tabwidget_stackedwidget.m_OutPDUDetailsPage.m_OutPDUGroupBox.QScrollArea1.qt_scrollarea_viewport.QWidget1.CPDUHDLC.m_txtEndFlag
:CAppWindowBase.centralwidget.m_pWorkSpaceWnd.ViewArea_Window.PDU Info.PDU Info.m_PDUInfoTabWidget.qt_tabwidget_stackedwidget.m_OutPDUDetailsPage.m_OutPDUGroupBox.QScrollArea1.qt_scrollarea_viewport.QWidget1.CPDUHDLC.m_txtFCS	CAppWindowBase.centralwidget.m_pWorkSpaceWnd.ViewArea_Window.PDU Info.PDU Info.m_PDUInfoTabWidget.qt_tabwidget_stackedwidget.m_OutPDUDetailsPage.m_OutPDUGroupBox.QScrollArea1.qt_scrollarea_viewport.QWidget1.CPDUHDLC.m_txtFCS
:CAppWindowBase.centralwidget.m_pWorkSpaceWnd.ViewArea_Window.PDU Info.PDU Info.m_PDUInfoTabWidget.qt_tabwidget_stackedwidget.m_OutPDUDetailsPage.m_OutPDUGroupBox.QScrollArea1.qt_scrollarea_viewport.QWidget1.CPDUHDLC.m_txtFlag	CAppWindowBase.centralwidget.m_pWorkSpaceWnd.ViewArea_Window.PDU Info.PDU Info.m_PDUInfoTabWidget.qt_tabwidget_stackedwidget.m_OutPDUDetailsPage.m_OutPDUGroupBox.QScrollArea1.qt_scrollarea_viewport.QWidget1.CPDUHDLC.m_txtFlag
:CAppWindowBase.centralwidget.m_pWorkSpaceWnd.ViewArea_Window.PDU Info.PDU Info.m_PDUInfoTabWidget.qt_tabwidget_stackedwidget.m_OutPDUDetailsPage.m_OutPDUGroupBox.QScrollArea1.qt_scrollarea_viewport.QWidget1.CPDUICMPv6HeaderLinkLayerOption.m_headerType	CAppWindowBase.centralwidget.m_pWorkSpaceWnd.ViewArea_Window.PDU Info.PDU Info.m_PDUInfoTabWidget.qt_tabwidget_stackedwidget.m_OutPDUDetailsPage.m_OutPDUGroupBox.QScrollArea1.qt_scrollarea_viewport.QWidget1.CPDUICMPv6HeaderLinkLayerOption.m_headerType
:CAppWindowBase.centralwidget.m_pWorkSpaceWnd.ViewArea_Window.PDU Info.PDU Info.m_PDUInfoTabWidget.qt_tabwidget_stackedwidget.m_OutPDUDetailsPage.m_OutPDUGroupBox.QScrollArea1.qt_scrollarea_viewport.QWidget1.CPDUICMPv6HeaderLinkLayerOption.m_txtLinkLayerAddr1	CAppWindowBase.centralwidget.m_pWorkSpaceWnd.ViewArea_Window.PDU Info.PDU Info.m_PDUInfoTabWidget.qt_tabwidget_stackedwidget.m_OutPDUDetailsPage.m_OutPDUGroupBox.QScrollArea1.qt_scrollarea_viewport.QWidget1.CPDUICMPv6HeaderLinkLayerOption.m_txtLinkLayerAddr1
:CAppWindowBase.centralwidget.m_pWorkSpaceWnd.ViewArea_Window.PDU Info.PDU Info.m_PDUInfoTabWidget.qt_tabwidget_stackedwidget.m_OutPDUDetailsPage.m_OutPDUGroupBox.QScrollArea1.qt_scrollarea_viewport.QWidget1.CPDUICMPv6HeaderLinkLayerOption.m_txtLinkLayerAddr2	CAppWindowBase.centralwidget.m_pWorkSpaceWnd.ViewArea_Window.PDU Info.PDU Info.m_PDUInfoTabWidget.qt_tabwidget_stackedwidget.m_OutPDUDetailsPage.m_OutPDUGroupBox.QScrollArea1.qt_scrollarea_viewport.QWidget1.CPDUICMPv6HeaderLinkLayerOption.m_txtLinkLayerAddr2
:CAppWindowBase.centralwidget.m_pWorkSpaceWnd.ViewArea_Window.PDU Info.PDU Info.m_PDUInfoTabWidget.qt_tabwidget_stackedwidget.m_OutPDUDetailsPage.m_OutPDUGroupBox.QScrollArea1.qt_scrollarea_viewport.QWidget1.CPDUICMPv6HeaderLinkLayerOption.m_txtOptionsLength	CAppWindowBase.centralwidget.m_pWorkSpaceWnd.ViewArea_Window.PDU Info.PDU Info.m_PDUInfoTabWidget.qt_tabwidget_stackedwidget.m_OutPDUDetailsPage.m_OutPDUGroupBox.QScrollArea1.qt_scrollarea_viewport.QWidget1.CPDUICMPv6HeaderLinkLayerOption.m_txtOptionsLength
:CAppWindowBase.centralwidget.m_pWorkSpaceWnd.ViewArea_Window.PDU Info.PDU Info.m_PDUInfoTabWidget.qt_tabwidget_stackedwidget.m_OutPDUDetailsPage.m_OutPDUGroupBox.QScrollArea1.qt_scrollarea_viewport.QWidget1.CPDUICMPv6HeaderLinkLayerOption.m_txtOptionsType	CAppWindowBase.centralwidget.m_pWorkSpaceWnd.ViewArea_Window.PDU Info.PDU Info.m_PDUInfoTabWidget.qt_tabwidget_stackedwidget.m_OutPDUDetailsPage.m_OutPDUGroupBox.QScrollArea1.qt_scrollarea_viewport.QWidget1.CPDUICMPv6HeaderLinkLayerOption.m_txtOptionsType
:CAppWindowBase.centralwidget.m_pWorkSpaceWnd.ViewArea_Window.PDU Info.PDU Info.m_PDUInfoTabWidget.qt_tabwidget_stackedwidget.m_OutPDUDetailsPage.m_OutPDUGroupBox.QScrollArea1.qt_scrollarea_viewport.QWidget1.CPDUICMPv6NeighborAdvHeader.m_headerType	CAppWindowBase.centralwidget.m_pWorkSpaceWnd.ViewArea_Window.PDU Info.PDU Info.m_PDUInfoTabWidget.qt_tabwidget_stackedwidget.m_OutPDUDetailsPage.m_OutPDUGroupBox.QScrollArea1.qt_scrollarea_viewport.QWidget1.CPDUICMPv6NeighborAdvHeader.m_headerType
:CAppWindowBase.centralwidget.m_pWorkSpaceWnd.ViewArea_Window.PDU Info.PDU Info.m_PDUInfoTabWidget.qt_tabwidget_stackedwidget.m_OutPDUDetailsPage.m_OutPDUGroupBox.QScrollArea1.qt_scrollarea_viewport.QWidget1.CPDUICMPv6NeighborAdvHeader.m_txS	CAppWindowBase.centralwidget.m_pWorkSpaceWnd.ViewArea_Window.PDU Info.PDU Info.m_PDUInfoTabWidget.qt_tabwidget_stackedwidget.m_OutPDUDetailsPage.m_OutPDUGroupBox.QScrollArea1.qt_scrollarea_viewport.QWidget1.CPDUICMPv6NeighborAdvHeader.m_txS
:CAppWindowBase.centralwidget.m_pWorkSpaceWnd.ViewArea_Window.PDU Info.PDU Info.m_PDUInfoTabWidget.qt_tabwidget_stackedwidget.m_OutPDUDetailsPage.m_OutPDUGroupBox.QScrollArea1.qt_scrollarea_viewport.QWidget1.CPDUICMPv6NeighborAdvHeader.m_txtChecksum	CAppWindowBase.centralwidget.m_pWorkSpaceWnd.ViewArea_Window.PDU Info.PDU Info.m_PDUInfoTabWidget.qt_tabwidget_stackedwidget.m_OutPDUDetailsPage.m_OutPDUGroupBox.QScrollArea1.qt_scrollarea_viewport.QWidget1.CPDUICMPv6NeighborAdvHeader.m_txtChecksum
:CAppWindowBase.centralwidget.m_pWorkSpaceWnd.ViewArea_Window.PDU Info.PDU Info.m_PDUInfoTabWidget.qt_tabwidget_stackedwidget.m_OutPDUDetailsPage.m_OutPDUGroupBox.QScrollArea1.qt_scrollarea_viewport.QWidget1.CPDUICMPv6NeighborAdvHeader.m_txtCode	CAppWindowBase.centralwidget.m_pWorkSpaceWnd.ViewArea_Window.PDU Info.PDU Info.m_PDUInfoTabWidget.qt_tabwidget_stackedwidget.m_OutPDUDetailsPage.m_OutPDUGroupBox.QScrollArea1.qt_scrollarea_viewport.QWidget1.CPDUICMPv6NeighborAdvHeader.m_txtCode
:CAppWindowBase.centralwidget.m_pWorkSpaceWnd.ViewArea_Window.PDU Info.PDU Info.m_PDUInfoTabWidget.qt_tabwidget_stackedwidget.m_OutPDUDetailsPage.m_OutPDUGroupBox.QScrollArea1.qt_scrollarea_viewport.QWidget1.CPDUICMPv6NeighborAdvHeader.m_txtO	CAppWindowBase.centralwidget.m_pWorkSpaceWnd.ViewArea_Window.PDU Info.PDU Info.m_PDUInfoTabWidget.qt_tabwidget_stackedwidget.m_OutPDUDetailsPage.m_OutPDUGroupBox.QScrollArea1.qt_scrollarea_viewport.QWidget1.CPDUICMPv6NeighborAdvHeader.m_txtO
:CAppWindowBase.centralwidget.m_pWorkSpaceWnd.ViewArea_Window.PDU Info.PDU Info.m_PDUInfoTabWidget.qt_tabwidget_stackedwidget.m_OutPDUDetailsPage.m_OutPDUGroupBox.QScrollArea1.qt_scrollarea_viewport.QWidget1.CPDUICMPv6NeighborAdvHeader.m_txtR	CAppWindowBase.centralwidget.m_pWorkSpaceWnd.ViewArea_Window.PDU Info.PDU Info.m_PDUInfoTabWidget.qt_tabwidget_stackedwidget.m_OutPDUDetailsPage.m_OutPDUGroupBox.QScrollArea1.qt_scrollarea_viewport.QWidget1.CPDUICMPv6NeighborAdvHeader.m_txtR
:CAppWindowBase.centralwidget.m_pWorkSpaceWnd.ViewArea_Window.PDU Info.PDU Info.m_PDUInfoTabWidget.qt_tabwidget_stackedwidget.m_OutPDUDetailsPage.m_OutPDUGroupBox.QScrollArea1.qt_scrollarea_viewport.QWidget1.CPDUICMPv6NeighborAdvHeader.m_txtReserved	CAppWindowBase.centralwidget.m_pWorkSpaceWnd.ViewArea_Window.PDU Info.PDU Info.m_PDUInfoTabWidget.qt_tabwidget_stackedwidget.m_OutPDUDetailsPage.m_OutPDUGroupBox.QScrollArea1.qt_scrollarea_viewport.QWidget1.CPDUICMPv6NeighborAdvHeader.m_txtReserved
:CAppWindowBase.centralwidget.m_pWorkSpaceWnd.ViewArea_Window.PDU Info.PDU Info.m_PDUInfoTabWidget.qt_tabwidget_stackedwidget.m_OutPDUDetailsPage.m_OutPDUGroupBox.QScrollArea1.qt_scrollarea_viewport.QWidget1.CPDUICMPv6NeighborAdvHeader.m_txtTargetAddr	CAppWindowBase.centralwidget.m_pWorkSpaceWnd.ViewArea_Window.PDU Info.PDU Info.m_PDUInfoTabWidget.qt_tabwidget_stackedwidget.m_OutPDUDetailsPage.m_OutPDUGroupBox.QScrollArea1.qt_scrollarea_viewport.QWidget1.CPDUICMPv6NeighborAdvHeader.m_txtTargetAddr
:CAppWindowBase.centralwidget.m_pWorkSpaceWnd.ViewArea_Window.PDU Info.PDU Info.m_PDUInfoTabWidget.qt_tabwidget_stackedwidget.m_OutPDUDetailsPage.m_OutPDUGroupBox.QScrollArea1.qt_scrollarea_viewport.QWidget1.CPDUICMPv6NeighborAdvHeader.m_txtType	CAppWindowBase.centralwidget.m_pWorkSpaceWnd.ViewArea_Window.PDU Info.PDU Info.m_PDUInfoTabWidget.qt_tabwidget_stackedwidget.m_OutPDUDetailsPage.m_OutPDUGroupBox.QScrollArea1.qt_scrollarea_viewport.QWidget1.CPDUICMPv6NeighborAdvHeader.m_txtType
:CAppWindowBase.centralwidget.m_pWorkSpaceWnd.ViewArea_Window.PDU Info.PDU Info.m_PDUInfoTabWidget.qt_tabwidget_stackedwidget.m_OutPDUDetailsPage.m_OutPDUGroupBox.QScrollArea1.qt_scrollarea_viewport.QWidget1.CPDUIP.m_headerType	CAppWindowBase.centralwidget.m_pWorkSpaceWnd.ViewArea_Window.PDU Info.PDU Info.m_PDUInfoTabWidget.qt_tabwidget_stackedwidget.m_OutPDUDetailsPage.m_OutPDUGroupBox.QScrollArea1.qt_scrollarea_viewport.QWidget1.CPDUIP.m_headerType
:CAppWindowBase.centralwidget.m_pWorkSpaceWnd.ViewArea_Window.PDU Info.PDU Info.m_PDUInfoTabWidget.qt_tabwidget_stackedwidget.m_OutPDUDetailsPage.m_OutPDUGroupBox.QScrollArea1.qt_scrollarea_viewport.QWidget1.CPDUIP.m_txtDSCP	CAppWindowBase.centralwidget.m_pWorkSpaceWnd.ViewArea_Window.PDU Info.PDU Info.m_PDUInfoTabWidget.qt_tabwidget_stackedwidget.m_OutPDUDetailsPage.m_OutPDUGroupBox.QScrollArea1.qt_scrollarea_viewport.QWidget1.CPDUIP.m_txtDSCP
:CAppWindowBase.centralwidget.m_pWorkSpaceWnd.ViewArea_Window.PDU Info.PDU Info.m_PDUInfoTabWidget.qt_tabwidget_stackedwidget.m_OutPDUDetailsPage.m_OutPDUGroupBox.QScrollArea1.qt_scrollarea_viewport.QWidget1.CPDUIP.m_txtData	CAppWindowBase.centralwidget.m_pWorkSpaceWnd.ViewArea_Window.PDU Info.PDU Info.m_PDUInfoTabWidget.qt_tabwidget_stackedwidget.m_OutPDUDetailsPage.m_OutPDUGroupBox.QScrollArea1.qt_scrollarea_viewport.QWidget1.CPDUIP.m_txtData
:CAppWindowBase.centralwidget.m_pWorkSpaceWnd.ViewArea_Window.PDU Info.PDU Info.m_PDUInfoTabWidget.qt_tabwidget_stackedwidget.m_OutPDUDetailsPage.m_OutPDUGroupBox.QScrollArea1.qt_scrollarea_viewport.QWidget1.CPDUIP.m_txtDestIP	CAppWindowBase.centralwidget.m_pWorkSpaceWnd.ViewArea_Window.PDU Info.PDU Info.m_PDUInfoTabWidget.qt_tabwidget_stackedwidget.m_OutPDUDetailsPage.m_OutPDUGroupBox.QScrollArea1.qt_scrollarea_viewport.QWidget1.CPDUIP.m_txtDestIP
:CAppWindowBase.centralwidget.m_pWorkSpaceWnd.ViewArea_Window.PDU Info.PDU Info.m_PDUInfoTabWidget.qt_tabwidget_stackedwidget.m_OutPDUDetailsPage.m_OutPDUGroupBox.QScrollArea1.qt_scrollarea_viewport.QWidget1.CPDUIP.m_txtFlag	CAppWindowBase.centralwidget.m_pWorkSpaceWnd.ViewArea_Window.PDU Info.PDU Info.m_PDUInfoTabWidget.qt_tabwidget_stackedwidget.m_OutPDUDetailsPage.m_OutPDUGroupBox.QScrollArea1.qt_scrollarea_viewport.QWidget1.CPDUIP.m_txtFlag
:CAppWindowBase.centralwidget.m_pWorkSpaceWnd.ViewArea_Window.PDU Info.PDU Info.m_PDUInfoTabWidget.qt_tabwidget_stackedwidget.m_OutPDUDetailsPage.m_OutPDUGroupBox.QScrollArea1.qt_scrollarea_viewport.QWidget1.CPDUIP.m_txtFragOffset	CAppWindowBase.centralwidget.m_pWorkSpaceWnd.ViewArea_Window.PDU Info.PDU Info.m_PDUInfoTabWidget.qt_tabwidget_stackedwidget.m_OutPDUDetailsPage.m_OutPDUGroupBox.QScrollArea1.qt_scrollarea_viewport.QWidget1.CPDUIP.m_txtFragOffset
:CAppWindowBase.centralwidget.m_pWorkSpaceWnd.ViewArea_Window.PDU Info.PDU Info.m_PDUInfoTabWidget.qt_tabwidget_stackedwidget.m_OutPDUDetailsPage.m_OutPDUGroupBox.QScrollArea1.qt_scrollarea_viewport.QWidget1.CPDUIP.m_txtHeaderChecksum	CAppWindowBase.centralwidget.m_pWorkSpaceWnd.ViewArea_Window.PDU Info.PDU Info.m_PDUInfoTabWidget.qt_tabwidget_stackedwidget.m_OutPDUDetailsPage.m_OutPDUGroupBox.QScrollArea1.qt_scrollarea_viewport.QWidget1.CPDUIP.m_txtHeaderChecksum
:CAppWindowBase.centralwidget.m_pWorkSpaceWnd.ViewArea_Window.PDU Info.PDU Info.m_PDUInfoTabWidget.qt_tabwidget_stackedwidget.m_OutPDUDetailsPage.m_OutPDUGroupBox.QScrollArea1.qt_scrollarea_viewport.QWidget1.CPDUIP.m_txtID	CAppWindowBase.centralwidget.m_pWorkSpaceWnd.ViewArea_Window.PDU Info.PDU Info.m_PDUInfoTabWidget.qt_tabwidget_stackedwidget.m_OutPDUDetailsPage.m_OutPDUGroupBox.QScrollArea1.qt_scrollarea_viewport.QWidget1.CPDUIP.m_txtID
:CAppWindowBase.centralwidget.m_pWorkSpaceWnd.ViewArea_Window.PDU Info.PDU Info.m_PDUInfoTabWidget.qt_tabwidget_stackedwidget.m_OutPDUDetailsPage.m_OutPDUGroupBox.QScrollArea1.qt_scrollarea_viewport.QWidget1.CPDUIP.m_txtIHL	CAppWindowBase.centralwidget.m_pWorkSpaceWnd.ViewArea_Window.PDU Info.PDU Info.m_PDUInfoTabWidget.qt_tabwidget_stackedwidget.m_OutPDUDetailsPage.m_OutPDUGroupBox.QScrollArea1.qt_scrollarea_viewport.QWidget1.CPDUIP.m_txtIHL
:CAppWindowBase.centralwidget.m_pWorkSpaceWnd.ViewArea_Window.PDU Info.PDU Info.m_PDUInfoTabWidget.qt_tabwidget_stackedwidget.m_OutPDUDetailsPage.m_OutPDUGroupBox.QScrollArea1.qt_scrollarea_viewport.QWidget1.CPDUIP.m_txtOptions	CAppWindowBase.centralwidget.m_pWorkSpaceWnd.ViewArea_Window.PDU Info.PDU Info.m_PDUInfoTabWidget.qt_tabwidget_stackedwidget.m_OutPDUDetailsPage.m_OutPDUGroupBox.QScrollArea1.qt_scrollarea_viewport.QWidget1.CPDUIP.m_txtOptions
:CAppWindowBase.centralwidget.m_pWorkSpaceWnd.ViewArea_Window.PDU Info.PDU Info.m_PDUInfoTabWidget.qt_tabwidget_stackedwidget.m_OutPDUDetailsPage.m_OutPDUGroupBox.QScrollArea1.qt_scrollarea_viewport.QWidget1.CPDUIP.m_txtPadding	CAppWindowBase.centralwidget.m_pWorkSpaceWnd.ViewArea_Window.PDU Info.PDU Info.m_PDUInfoTabWidget.qt_tabwidget_stackedwidget.m_OutPDUDetailsPage.m_OutPDUGroupBox.QScrollArea1.qt_scrollarea_viewport.QWidget1.CPDUIP.m_txtPadding
:CAppWindowBase.centralwidget.m_pWorkSpaceWnd.ViewArea_Window.PDU Info.PDU Info.m_PDUInfoTabWidget.qt_tabwidget_stackedwidget.m_OutPDUDetailsPage.m_OutPDUGroupBox.QScrollArea1.qt_scrollarea_viewport.QWidget1.CPDUIP.m_txtProtocol	CAppWindowBase.centralwidget.m_pWorkSpaceWnd.ViewArea_Window.PDU Info.PDU Info.m_PDUInfoTabWidget.qt_tabwidget_stackedwidget.m_OutPDUDetailsPage.m_OutPDUGroupBox.QScrollArea1.qt_scrollarea_viewport.QWidget1.CPDUIP.m_txtProtocol
:CAppWindowBase.centralwidget.m_pWorkSpaceWnd.ViewArea_Window.PDU Info.PDU Info.m_PDUInfoTabWidget.qt_tabwidget_stackedwidget.m_OutPDUDetailsPage.m_OutPDUGroupBox.QScrollArea1.qt_scrollarea_viewport.QWidget1.CPDUIP.m_txtSrcIP	CAppWindowBase.centralwidget.m_pWorkSpaceWnd.ViewArea_Window.PDU Info.PDU Info.m_PDUInfoTabWidget.qt_tabwidget_stackedwidget.m_OutPDUDetailsPage.m_OutPDUGroupBox.QScrollArea1.qt_scrollarea_viewport.QWidget1.CPDUIP.m_txtSrcIP
:CAppWindowBase.centralwidget.m_pWorkSpaceWnd.ViewArea_Window.PDU Info.PDU Info.m_PDUInfoTabWidget.qt_tabwidget_stackedwidget.m_OutPDUDetailsPage.m_OutPDUGroupBox.QScrollArea1.qt_scrollarea_viewport.QWidget1.CPDUIP.m_txtTTL	CAppWindowBase.centralwidget.m_pWorkSpaceWnd.ViewArea_Window.PDU Info.PDU Info.m_PDUInfoTabWidget.qt_tabwidget_stackedwidget.m_OutPDUDetailsPage.m_OutPDUGroupBox.QScrollArea1.qt_scrollarea_viewport.QWidget1.CPDUIP.m_txtTTL
:CAppWindowBase.centralwidget.m_pWorkSpaceWnd.ViewArea_Window.PDU Info.PDU Info.m_PDUInfoTabWidget.qt_tabwidget_stackedwidget.m_OutPDUDetailsPage.m_OutPDUGroupBox.QScrollArea1.qt_scrollarea_viewport.QWidget1.CPDUIP.m_txtTotalLength	CAppWindowBase.centralwidget.m_pWorkSpaceWnd.ViewArea_Window.PDU Info.PDU Info.m_PDUInfoTabWidget.qt_tabwidget_stackedwidget.m_OutPDUDetailsPage.m_OutPDUGroupBox.QScrollArea1.qt_scrollarea_viewport.QWidget1.CPDUIP.m_txtTotalLength
:CAppWindowBase.centralwidget.m_pWorkSpaceWnd.ViewArea_Window.PDU Info.PDU Info.m_PDUInfoTabWidget.qt_tabwidget_stackedwidget.m_OutPDUDetailsPage.m_OutPDUGroupBox.QScrollArea1.qt_scrollarea_viewport.QWidget1.CPDUIP.m_txtVer	CAppWindowBase.centralwidget.m_pWorkSpaceWnd.ViewArea_Window.PDU Info.PDU Info.m_PDUInfoTabWidget.qt_tabwidget_stackedwidget.m_OutPDUDetailsPage.m_OutPDUGroupBox.QScrollArea1.qt_scrollarea_viewport.QWidget1.CPDUIP.m_txtVer
:CAppWindowBase.centralwidget.m_pWorkSpaceWnd.ViewArea_Window.PDU Info.PDU Info.m_PDUInfoTabWidget.qt_tabwidget_stackedwidget.m_osiModelPage.m_OSIExplanationText	CAppWindowBase.centralwidget.m_pWorkSpaceWnd.ViewArea_Window.PDU Info.PDU Info.m_PDUInfoTabWidget.qt_tabwidget_stackedwidget.m_osiModelPage.m_OSIExplanationText
:CAppWindowBase.centralwidget.m_pWorkSpaceWnd.ViewArea_Window.PDU Info.PDU Info.m_PDUInfoTabWidget.qt_tabwidget_stackedwidget.m_osiModelPage.m_inLayer3	CAppWindowBase.centralwidget.m_pWorkSpaceWnd.ViewArea_Window.PDU Info.PDU Info.m_PDUInfoTabWidget.qt_tabwidget_stackedwidget.m_osiModelPage.m_inLayer3
:CAppWindowBase.centralwidget.m_pWorkSpaceWnd.ViewArea_Window.PDU Info.PDU Info.m_PDUInfoTabWidget.qt_tabwidget_stackedwidget.m_osiModelPage.m_outLayer2	CAppWindowBase.centralwidget.m_pWorkSpaceWnd.ViewArea_Window.PDU Info.PDU Info.m_PDUInfoTabWidget.qt_tabwidget_stackedwidget.m_osiModelPage.m_outLayer2
:CAppWindowBase.centralwidget.m_pWorkSpaceWnd.ViewArea_Window.PDU Info.PDU Info.m_PDUInfoTabWidget.qt_tabwidget_stackedwidget.m_osiModelPage.m_outLayer3	CAppWindowBase.centralwidget.m_pWorkSpaceWnd.ViewArea_Window.PDU Info.PDU Info.m_PDUInfoTabWidget.qt_tabwidget_stackedwidget.m_osiModelPage.m_outLayer3
:CAppWindowBase.centralwidget.m_pWorkSpaceWnd.ViewArea_Window.PDU Info.PDU Info.m_PDUInfoTabWidget.qt_tabwidget_tabbar	CAppWindowBase.centralwidget.m_pWorkSpaceWnd.ViewArea_Window.PDU Info.PDU Info.m_PDUInfoTabWidget.qt_tabwidget_tabbar
:CAppWindowBase.centralwidget.m_pWorkSpaceWnd.ViewArea_Window.QStackedWidget1.CWorkspace1.LogicalWorkspace	CAppWindowBase.centralwidget.m_pWorkSpaceWnd.ViewArea_Window.QStackedWidget1.CWorkspace1.LogicalWorkspace
:CAppWindowBase.centralwidget.m_pWorkSpaceWnd.ViewArea_Window.Simulation Panel.Simulation Panel.m_playControlsGroupBox.ForwardBtn	CAppWindowBase.centralwidget.m_pWorkSpaceWnd.ViewArea_Window.Simulation Panel.Simulation Panel.m_playControlsGroupBox.ForwardBtn
:CAppWindowBase.m_pToolBar.Activity Wizard	CAppWindowBase.m_pToolBar.Activity Wizard
:CBaseDeviceWidget	CBaseDeviceWidget
:CBaseDeviceWidget.c_physicalTab	CBaseDeviceWidget.c_physicalTab
:CBaseDeviceWidget.c_physicalTab.qt_tabwidget_stackedwidget	CBaseDeviceWidget.c_physicalTab.qt_tabwidget_stackedwidget
:CBaseDeviceWidget.c_physicalTab.qt_tabwidget_stackedwidget.m_DeskTopTab	CBaseDeviceWidget.c_physicalTab.qt_tabwidget_stackedwidget.m_DeskTopTab
:CBaseDeviceWidget.c_physicalTab.qt_tabwidget_stackedwidget.m_DeskTopTab.m_desktopFrame	CBaseDeviceWidget.c_physicalTab.qt_tabwidget_stackedwidget.m_DeskTopTab.m_desktopFrame
:CBaseDeviceWidget.c_physicalTab.qt_tabwidget_stackedwidget.m_DeskTopTab.m_desktopFrame.CommandPromptBtn	CBaseDeviceWidget.c_physicalTab.qt_tabwidget_stackedwidget.m_DeskTopTab.m_desktopFrame.CommandPromptBtn
:CBaseDeviceWidget.c_physicalTab.qt_tabwidget_stackedwidget.m_DeskTopTab.m_desktopFrame.CommandPromptLbl	CBaseDeviceWidget.c_physicalTab.qt_tabwidget_stackedwidget.m_DeskTopTab.m_desktopFrame.CommandPromptLbl
:CBaseDeviceWidget.c_physicalTab.qt_tabwidget_stackedwidget.m_DeskTopTab.m_desktopFrame.DialupBtn	CBaseDeviceWidget.c_physicalTab.qt_tabwidget_stackedwidget.m_DeskTopTab.m_desktopFrame.DialupBtn
:CBaseDeviceWidget.c_physicalTab.qt_tabwidget_stackedwidget.m_DeskTopTab.m_desktopFrame.DialupLbl	CBaseDeviceWidget.c_physicalTab.qt_tabwidget_stackedwidget.m_DeskTopTab.m_desktopFrame.DialupLbl
:CBaseDeviceWidget.c_physicalTab.qt_tabwidget_stackedwidget.m_DeskTopTab.m_desktopFrame.IPConfigBtn	CBaseDeviceWidget.c_physicalTab.qt_tabwidget_stackedwidget.m_DeskTopTab.m_desktopFrame.IPConfigBtn
:CBaseDeviceWidget.c_physicalTab.qt_tabwidget_stackedwidget.m_DeskTopTab.m_desktopFrame.IPConfigLbl	CBaseDeviceWidget.c_physicalTab.qt_tabwidget_stackedwidget.m_DeskTopTab.m_desktopFrame.IPConfigLbl
:CBaseDeviceWidget.c_physicalTab.qt_tabwidget_stackedwidget.m_DeskTopTab.m_desktopFrame.PCWirelessBtn	CBaseDeviceWidget.c_physicalTab.qt_tabwidget_stackedwidget.m_DeskTopTab.m_desktopFrame.PCWirelessBtn
:CBaseDeviceWidget.c_physicalTab.qt_tabwidget_stackedwidget.m_DeskTopTab.m_desktopFrame.PCWirelessLbl	CBaseDeviceWidget.c_physicalTab.qt_tabwidget_stackedwidget.m_DeskTopTab.m_desktopFrame.PCWirelessLbl
:CBaseDeviceWidget.c_physicalTab.qt_tabwidget_stackedwidget.m_DeskTopTab.m_desktopFrame.TerminalBtn	CBaseDeviceWidget.c_physicalTab.qt_tabwidget_stackedwidget.m_DeskTopTab.m_desktopFrame.TerminalBtn
:CBaseDeviceWidget.c_physicalTab.qt_tabwidget_stackedwidget.m_DeskTopTab.m_desktopFrame.TerminalLbl	CBaseDeviceWidget.c_physicalTab.qt_tabwidget_stackedwidget.m_DeskTopTab.m_desktopFrame.TerminalLbl
:CBaseDeviceWidget.c_physicalTab.qt_tabwidget_stackedwidget.m_DeskTopTab.m_desktopFrame.WebBrowserBtn	CBaseDeviceWidget.c_physicalTab.qt_tabwidget_stackedwidget.m_DeskTopTab.m_desktopFrame.WebBrowserBtn
:CBaseDeviceWidget.c_physicalTab.qt_tabwidget_stackedwidget.m_DeskTopTab.m_desktopFrame.WebBrowserLbl	CBaseDeviceWidget.c_physicalTab.qt_tabwidget_stackedwidget.m_DeskTopTab.m_desktopFrame.WebBrowserLbl
:CBaseDeviceWidget.c_physicalTab.qt_tabwidget_stackedwidget.m_DeskTopTab.m_desktopFrame.m_EMailLbl	CBaseDeviceWidget.c_physicalTab.qt_tabwidget_stackedwidget.m_DeskTopTab.m_desktopFrame.m_EMailLbl
:CBaseDeviceWidget.c_physicalTab.qt_tabwidget_stackedwidget.m_DeskTopTab.m_desktopFrame.m_MIBBroswerButton	CBaseDeviceWidget.c_physicalTab.qt_tabwidget_stackedwidget.m_DeskTopTab.m_desktopFrame.m_MIBBroswerButton
:CBaseDeviceWidget.c_physicalTab.qt_tabwidget_stackedwidget.m_DeskTopTab.m_desktopFrame.m_PCEMailButton	CBaseDeviceWidget.c_physicalTab.qt_tabwidget_stackedwidget.m_DeskTopTab.m_desktopFrame.m_PCEMailButton
:CBaseDeviceWidget.c_physicalTab.qt_tabwidget_stackedwidget.m_DeskTopTab.m_desktopFrame.m_VPNButton	CBaseDeviceWidget.c_physicalTab.qt_tabwidget_stackedwidget.m_DeskTopTab.m_desktopFrame.m_VPNButton
:CBaseDeviceWidget.c_physicalTab.qt_tabwidget_stackedwidget.m_DeskTopTab.m_desktopFrame.m_VPNLbl	CBaseDeviceWidget.c_physicalTab.qt_tabwidget_stackedwidget.m_DeskTopTab.m_desktopFrame.m_VPNLbl
:CBaseDeviceWidget.c_physicalTab.qt_tabwidget_stackedwidget.m_DeskTopTab.m_desktopFrame.m_ipCommunicator	CBaseDeviceWidget.c_physicalTab.qt_tabwidget_stackedwidget.m_DeskTopTab.m_desktopFrame.m_ipCommunicator
:CBaseDeviceWidget.c_physicalTab.qt_tabwidget_stackedwidget.m_DeskTopTab.m_desktopFrame.m_ipCommunicatorLbl	CBaseDeviceWidget.c_physicalTab.qt_tabwidget_stackedwidget.m_DeskTopTab.m_desktopFrame.m_ipCommunicatorLbl
:CBaseDeviceWidget.c_physicalTab.qt_tabwidget_stackedwidget.m_DeskTopTab.m_desktopFrame.m_mibBrowserLbl	CBaseDeviceWidget.c_physicalTab.qt_tabwidget_stackedwidget.m_DeskTopTab.m_desktopFrame.m_mibBrowserLbl
:CBaseDeviceWidget.c_physicalTab.qt_tabwidget_stackedwidget.m_DeskTopTab.m_desktopFrame.m_pppoeDialerButton	CBaseDeviceWidget.c_physicalTab.qt_tabwidget_stackedwidget.m_DeskTopTab.m_desktopFrame.m_pppoeDialerButton
:CBaseDeviceWidget.c_physicalTab.qt_tabwidget_stackedwidget.m_DeskTopTab.m_desktopFrame.m_pppoeDialerLabel	CBaseDeviceWidget.c_physicalTab.qt_tabwidget_stackedwidget.m_DeskTopTab.m_desktopFrame.m_pppoeDialerLabel
:CBaseDeviceWidget.c_physicalTab.qt_tabwidget_stackedwidget.m_DeskTopTab.m_desktopFrame.m_textEditorButton	CBaseDeviceWidget.c_physicalTab.qt_tabwidget_stackedwidget.m_DeskTopTab.m_desktopFrame.m_textEditorButton
:CBaseDeviceWidget.c_physicalTab.qt_tabwidget_stackedwidget.m_DeskTopTab.m_desktopFrame.m_textEditorLbl	CBaseDeviceWidget.c_physicalTab.qt_tabwidget_stackedwidget.m_DeskTopTab.m_desktopFrame.m_textEditorLbl
:CBaseDeviceWidget.c_physicalTab.qt_tabwidget_stackedwidget.m_DeskTopTab.m_desktopFrame.m_trafficGeneratorButton	CBaseDeviceWidget.c_physicalTab.qt_tabwidget_stackedwidget.m_DeskTopTab.m_desktopFrame.m_trafficGeneratorButton
:CBaseDeviceWidget.c_physicalTab.qt_tabwidget_stackedwidget.m_DeskTopTab.m_desktopFrame.m_trafficGeneratorLbl	CBaseDeviceWidget.c_physicalTab.qt_tabwidget_stackedwidget.m_DeskTopTab.m_desktopFrame.m_trafficGeneratorLbl
:CBaseDeviceWidget.c_physicalTab.qt_tabwidget_stackedwidget.m_cliTab.m_consoleText	CBaseDeviceWidget.c_physicalTab.qt_tabwidget_stackedwidget.m_cliTab.m_consoleText
:CBaseDeviceWidget.c_physicalTab.qt_tabwidget_tabbar	CBaseDeviceWidget.c_physicalTab.qt_tabwidget_tabbar
:CBaseDeviceWidget.cmdprompt	CBaseDeviceWidget.cmdprompt
:CBaseDeviceWidget.cmdprompt.m_closeButton	CBaseDeviceWidget.cmdprompt.m_closeButton
:CBaseDeviceWidget.cmdprompt.m_consoleText	CBaseDeviceWidget.cmdprompt.m_consoleText
:CBaseDeviceWidget.cmdprompt.m_titleLabel	CBaseDeviceWidget.cmdprompt.m_titleLabel
