:BaseCEPActiveDialog	BaseCEPActiveDialog
:BaseCEPActiveDialog.m_cancelBtn	BaseCEPActiveDialog.m_cancelBtn
:BaseCEPListDialog	BaseCEPListDialog
:BaseCEPListDialog.m_okBtn	BaseCEPListDialog.m_okBtn
:CAppWindowBase	CAppWindowBase
:CAppWindowBase.Admin_Opts	CAppWindowBase.Admin_Opts
:CAppWindowBase.Admin_Opts.Password? -- Packet Tracer.QLineEdit1	CAppWindowBase.Admin_Opts.Password? -- Packet Tracer.QLineEdit1
:CAppWindowBase.Admin_Opts.m_mainOptionsTabWidget.qt_tabwidget_stackedwidget.ConfigCustomInterfaces.treeWidget.qt_scrollarea_viewport.QComboBox1	CAppWindowBase.Admin_Opts.m_mainOptionsTabWidget.qt_tabwidget_stackedwidget.ConfigCustomInterfaces.treeWidget.qt_scrollarea_viewport.QComboBox1
:CAppWindowBase.CAlgorithmSettingsDlgBase	CAppWindowBase.CAlgorithmSettingsDlgBase
:CAppWindowBase.CBaseMUListenDlg	CAppWindowBase.CBaseMUListenDlg
:CAppWindowBase.CBaseUserProfileDialog	CAppWindowBase.CBaseUserProfileDialog
:CAppWindowBase.Dialog	CAppWindowBase.Dialog
:CAppWindowBase.QFileDialog	CAppWindowBase.QFileDialog
:CAppWindowBase.QFileDialog.splitter.frame.stackedWidget.page.listView	CAppWindowBase.QFileDialog.splitter.frame.stackedWidget.page.listView
:CAppWindowBase.centralwidget.CPLSwitch1.PhysicalBtn	CAppWindowBase.centralwidget.CPLSwitch1.PhysicalBtn
:CAppWindowBase.centralwidget.m_PLFrame.CBasePhysicalToolbar.GotoBuildingBtn	CAppWindowBase.centralwidget.m_PLFrame.CBasePhysicalToolbar.GotoBuildingBtn
:CAppWindowBase.centralwidget.m_PLFrame.CBasePhysicalToolbar.GotoCityBtn	CAppWindowBase.centralwidget.m_PLFrame.CBasePhysicalToolbar.GotoCityBtn
:CAppWindowBase.centralwidget.m_PLFrame.CBasePhysicalToolbar.GotoTopBtn	CAppWindowBase.centralwidget.m_PLFrame.CBasePhysicalToolbar.GotoTopBtn
:CAppWindowBase.centralwidget.m_PLFrame.CBasePhysicalToolbar.MoveObjBtn	CAppWindowBase.centralwidget.m_PLFrame.CBasePhysicalToolbar.MoveObjBtn
:CAppWindowBase.centralwidget.m_PLFrame.CBasePhysicalToolbar.NavigationBtn	CAppWindowBase.centralwidget.m_PLFrame.CBasePhysicalToolbar.NavigationBtn
:CAppWindowBase.centralwidget.m_pNetWorkCompBoxFrame.QSplitter1.CBaseUserCreatedPDU.No Functional Ports -- Packet Tracer	CAppWindowBase.centralwidget.m_pNetWorkCompBoxFrame.QSplitter1.CBaseUserCreatedPDU.No Functional Ports -- Packet Tracer
:CAppWindowBase.centralwidget.m_pNetWorkCompBoxFrame.QSplitter1.CBaseUserCreatedPDU.m_scenarioComboBox.QLineEdit1	CAppWindowBase.centralwidget.m_pNetWorkCompBoxFrame.QSplitter1.CBaseUserCreatedPDU.m_scenarioComboBox.QLineEdit1
:CAppWindowBase.centralwidget.m_pNetWorkCompBoxFrame.QSplitter1.CNetworkComponentBox.DeviceSpecificWidget.QScrollArea5.qt_scrollarea_viewport.QWidget1.CDeviceButton1.Packet Tracer	CAppWindowBase.centralwidget.m_pNetWorkCompBoxFrame.QSplitter1.CNetworkComponentBox.DeviceSpecificWidget.QScrollArea5.qt_scrollarea_viewport.QWidget1.CDeviceButton1.Packet Tracer
:CAppWindowBase.centralwidget.m_pNetWorkCompBoxFrame.QSplitter1.CNetworkComponentBox.DeviceSpecificWidget.QScrollArea5.qt_scrollarea_viewport.QWidget1.CDeviceButton1.Packet Tracer.qt_msgbox_buttonbox.OK	CAppWindowBase.centralwidget.m_pNetWorkCompBoxFrame.QSplitter1.CNetworkComponentBox.DeviceSpecificWidget.QScrollArea5.qt_scrollarea_viewport.QWidget1.CDeviceButton1.Packet Tracer.qt_msgbox_buttonbox.OK
:CAppWindowBase.centralwidget.m_pNetWorkCompBoxFrame.QSplitter1.CNetworkComponentBox.DeviceSpecificWidget.QScrollArea7.qt_scrollarea_viewport.QWidget1.CDeviceButton1	CAppWindowBase.centralwidget.m_pNetWorkCompBoxFrame.QSplitter1.CNetworkComponentBox.DeviceSpecificWidget.QScrollArea7.qt_scrollarea_viewport.QWidget1.CDeviceButton1
:CAppWindowBase.centralwidget.m_pNetWorkCompBoxFrame.QSplitter1.CNetworkComponentBox.DeviceTypesWidget.Security	CAppWindowBase.centralwidget.m_pNetWorkCompBoxFrame.QSplitter1.CNetworkComponentBox.DeviceTypesWidget.Security
:CAppWindowBase.centralwidget.m_pPLToolBox.CPLToolBox_Impl	CAppWindowBase.centralwidget.m_pPLToolBox.CPLToolBox_Impl
:CAppWindowBase.centralwidget.m_pWorkSpaceWnd.CViewArea_Window1.ARP Table for Router0	CAppWindowBase.centralwidget.m_pWorkSpaceWnd.CViewArea_Window1.ARP Table for Router0
:CAppWindowBase.centralwidget.m_pWorkSpaceWnd.CViewArea_Window1.IOS Command Log	CAppWindowBase.centralwidget.m_pWorkSpaceWnd.CViewArea_Window1.IOS Command Log
:CAppWindowBase.centralwidget.m_pWorkSpaceWnd.CViewArea_Window1.Physical Locations	CAppWindowBase.centralwidget.m_pWorkSpaceWnd.CViewArea_Window1.Physical Locations
:CAppWindowBase.centralwidget.m_pWorkSpaceWnd.CViewArea_Window1.Physical Locations.CBasePhysicalLocationDialog.CPhysicalLocationListView1	CAppWindowBase.centralwidget.m_pWorkSpaceWnd.CViewArea_Window1.Physical Locations.CBasePhysicalLocationDialog.CPhysicalLocationListView1
:CAppWindowBase.centralwidget.m_pWorkSpaceWnd.CViewArea_Window1.Physical Locations.CBasePhysicalLocationDialog.JumpBtn	CAppWindowBase.centralwidget.m_pWorkSpaceWnd.CViewArea_Window1.Physical Locations.CBasePhysicalLocationDialog.JumpBtn
:CAppWindowBase.centralwidget.m_pWorkSpaceWnd.CViewArea_Window1.QStackedWidget1.CWorkspace1.CGeoView1	CAppWindowBase.centralwidget.m_pWorkSpaceWnd.CViewArea_Window1.QStackedWidget1.CWorkspace1.CGeoView1
:CAppWindowBase.centralwidget.m_pWorkSpaceWnd.CViewArea_Window1.QStackedWidget1.CWorkspace1.CRackView1	CAppWindowBase.centralwidget.m_pWorkSpaceWnd.CViewArea_Window1.QStackedWidget1.CWorkspace1.CRackView1
:CAppWindowBase.centralwidget.m_pWorkSpaceWnd.CViewArea_Window1.QStackedWidget1.CWorkspace1.QMenu1	CAppWindowBase.centralwidget.m_pWorkSpaceWnd.CViewArea_Window1.QStackedWidget1.CWorkspace1.QMenu1
:CAppWindowBase.centralwidget.m_pWorkSpaceWnd.CViewArea_Window1.QStackedWidget1.CWorkspace1.QMenu1.City	CAppWindowBase.centralwidget.m_pWorkSpaceWnd.CViewArea_Window1.QStackedWidget1.CWorkspace1.QMenu1.City
:CAppWindowBase.m_pMenubar	CAppWindowBase.m_pMenubar
:CAppWindowBase.m_pMenubar.Extensions Menu	CAppWindowBase.m_pMenubar.Extensions Menu
:CAppWindowBase.m_pMenubar.Extensions Menu.extensionsIPCAction	CAppWindowBase.m_pMenubar.Extensions Menu.extensionsIPCAction
:CAppWindowBase.m_pMenubar.Extensions Menu.extensionsMUAction	CAppWindowBase.m_pMenubar.Extensions Menu.extensionsMUAction
:CAppWindowBase.m_pMenubar.Extensions Menu.menu_Scripting	CAppWindowBase.m_pMenubar.Extensions Menu.menu_Scripting
:CAppWindowBase.m_pMenubar.File Menu	CAppWindowBase.m_pMenubar.File Menu
:CAppWindowBase.m_pMenubar.File Menu.fileRecentFilesMenu	CAppWindowBase.m_pMenubar.File Menu.fileRecentFilesMenu
:CAppWindowBase.m_pMenubar.Options Menu	CAppWindowBase.m_pMenubar.Options Menu
:CAppWindowBase.m_pToolBar	CAppWindowBase.m_pToolBar
:CAppWindowBase.m_pToolBar.New	CAppWindowBase.m_pToolBar.New
:CBaseCEPMessageDlg	CBaseCEPMessageDlg
:CBaseCEPMessageDlg.btnClose	CBaseCEPMessageDlg.btnClose
:CBaseDeviceWidgetClass.CVlanComboBox1.QScrollArea1.qt_scrollarea_viewport.QFrame1.QFrame1.1:inside	CBaseDeviceWidgetClass.CVlanComboBox1.QScrollArea1.qt_scrollarea_viewport.QFrame1.QFrame1.1:inside
:CBaseDeviceWidgetClass.CVlanComboBox1.QScrollArea1.qt_scrollarea_viewport.QFrame1.QFrame2.2:outside	CBaseDeviceWidgetClass.CVlanComboBox1.QScrollArea1.qt_scrollarea_viewport.QFrame1.QFrame2.2:outside
:CBaseDeviceWidgetClass.CVlanComboBox1.QScrollArea1.qt_scrollarea_viewport.QFrame1.QFrame3.99:newVlan	CBaseDeviceWidgetClass.CVlanComboBox1.QScrollArea1.qt_scrollarea_viewport.QFrame1.QFrame3.99:newVlan
:CBaseDeviceWidgetClass.c_physicalTab.qt_tabwidget_stackedwidget.m_cliTab.m_consolePlaceHolder	CBaseDeviceWidgetClass.c_physicalTab.qt_tabwidget_stackedwidget.m_cliTab.m_consolePlaceHolder
:CBaseDeviceWidgetClass.c_physicalTab.qt_tabwidget_stackedwidget.m_menuCfgTab.BaseIntCfgUniversal.mainScrollArea.qt_scrollarea_viewport.scrollAreaWidgetContents_2.m_trunkCombo	CBaseDeviceWidgetClass.c_physicalTab.qt_tabwidget_stackedwidget.m_menuCfgTab.BaseIntCfgUniversal.mainScrollArea.qt_scrollarea_viewport.scrollAreaWidgetContents_2.m_trunkCombo
:CBaseDeviceWidgetClass.c_physicalTab.qt_tabwidget_stackedwidget.m_menuCfgTab.BaseIntCfgUniversal.mainScrollArea.qt_scrollarea_viewport.scrollAreaWidgetContents_2.m_vlanSelectionFrame.m_vlanCombo	CBaseDeviceWidgetClass.c_physicalTab.qt_tabwidget_stackedwidget.m_menuCfgTab.BaseIntCfgUniversal.mainScrollArea.qt_scrollarea_viewport.scrollAreaWidgetContents_2.m_vlanSelectionFrame.m_vlanCombo
:CBaseDeviceWidgetClass.c_physicalTab.qt_tabwidget_stackedwidget.m_menuCfgTab.BaseIntCfgUniversal.mainScrollArea.qt_scrollarea_viewport.scrollAreaWidgetContents_2.m_vlanSelectionFrame.m_vlanSelectionText	CBaseDeviceWidgetClass.c_physicalTab.qt_tabwidget_stackedwidget.m_menuCfgTab.BaseIntCfgUniversal.mainScrollArea.qt_scrollarea_viewport.scrollAreaWidgetContents_2.m_vlanSelectionFrame.m_vlanSelectionText
:CBaseDeviceWidgetClass.c_physicalTab.qt_tabwidget_stackedwidget.m_menuCfgTab.CASAGlobalSettings.Packet Tracer.qt_msgbox_buttonbox.OK	CBaseDeviceWidgetClass.c_physicalTab.qt_tabwidget_stackedwidget.m_menuCfgTab.CASAGlobalSettings.Packet Tracer.qt_msgbox_buttonbox.OK
:CBaseDeviceWidgetClass.c_physicalTab.qt_tabwidget_stackedwidget.m_menuCfgTab.CASAGlobalSettings.QFileDialog.buttonBox.Cancel	CBaseDeviceWidgetClass.c_physicalTab.qt_tabwidget_stackedwidget.m_menuCfgTab.CASAGlobalSettings.QFileDialog.buttonBox.Cancel
:CBaseDeviceWidgetClass.c_physicalTab.qt_tabwidget_stackedwidget.m_menuCfgTab.CASAGlobalSettings.QFileDialog.buttonBox.Open	CBaseDeviceWidgetClass.c_physicalTab.qt_tabwidget_stackedwidget.m_menuCfgTab.CASAGlobalSettings.QFileDialog.buttonBox.Open
:CBaseDeviceWidgetClass.c_physicalTab.qt_tabwidget_stackedwidget.m_menuCfgTab.CASAGlobalSettings.QFileDialog.buttonBox.Save	CBaseDeviceWidgetClass.c_physicalTab.qt_tabwidget_stackedwidget.m_menuCfgTab.CASAGlobalSettings.QFileDialog.buttonBox.Save
:CBaseDeviceWidgetClass.c_physicalTab.qt_tabwidget_stackedwidget.m_menuCfgTab.CASAGlobalSettings.QFileDialog.fileNameEdit	CBaseDeviceWidgetClass.c_physicalTab.qt_tabwidget_stackedwidget.m_menuCfgTab.CASAGlobalSettings.QFileDialog.fileNameEdit
:CBaseDeviceWidgetClass.c_physicalTab.qt_tabwidget_stackedwidget.m_menuCfgTab.CASAGlobalSettings.m_IOSHostnameEdit	CBaseDeviceWidgetClass.c_physicalTab.qt_tabwidget_stackedwidget.m_menuCfgTab.CASAGlobalSettings.m_IOSHostnameEdit
:CBaseDeviceWidgetClass.c_physicalTab.qt_tabwidget_stackedwidget.m_menuCfgTab.CASAGlobalSettings.m_deviceNameEdit	CBaseDeviceWidgetClass.c_physicalTab.qt_tabwidget_stackedwidget.m_menuCfgTab.CASAGlobalSettings.m_deviceNameEdit
:CBaseDeviceWidgetClass.c_physicalTab.qt_tabwidget_stackedwidget.m_menuCfgTab.CASAGlobalSettings.m_loadRunButton	CBaseDeviceWidgetClass.c_physicalTab.qt_tabwidget_stackedwidget.m_menuCfgTab.CASAGlobalSettings.m_loadRunButton
:CBaseDeviceWidgetClass.c_physicalTab.qt_tabwidget_stackedwidget.m_menuCfgTab.CASAGlobalSettings.m_loadStartButton	CBaseDeviceWidgetClass.c_physicalTab.qt_tabwidget_stackedwidget.m_menuCfgTab.CASAGlobalSettings.m_loadStartButton
:CBaseDeviceWidgetClass.c_physicalTab.qt_tabwidget_stackedwidget.m_menuCfgTab.CASAGlobalSettings.m_nvramEraseBtn	CBaseDeviceWidgetClass.c_physicalTab.qt_tabwidget_stackedwidget.m_menuCfgTab.CASAGlobalSettings.m_nvramEraseBtn
:CBaseDeviceWidgetClass.c_physicalTab.qt_tabwidget_stackedwidget.m_menuCfgTab.CASAGlobalSettings.m_nvramSaveBtn	CBaseDeviceWidgetClass.c_physicalTab.qt_tabwidget_stackedwidget.m_menuCfgTab.CASAGlobalSettings.m_nvramSaveBtn
:CBaseDeviceWidgetClass.c_physicalTab.qt_tabwidget_stackedwidget.m_menuCfgTab.CASAGlobalSettings.m_saveRunButton	CBaseDeviceWidgetClass.c_physicalTab.qt_tabwidget_stackedwidget.m_menuCfgTab.CASAGlobalSettings.m_saveRunButton
:CBaseDeviceWidgetClass.c_physicalTab.qt_tabwidget_stackedwidget.m_menuCfgTab.CASAGlobalSettings.m_saveStartButton	CBaseDeviceWidgetClass.c_physicalTab.qt_tabwidget_stackedwidget.m_menuCfgTab.CASAGlobalSettings.m_saveStartButton
:CBaseDeviceWidgetClass.c_physicalTab.qt_tabwidget_stackedwidget.m_menuCfgTab.CBaseAlgorithmSettings.grpBoxGlobal	CBaseDeviceWidgetClass.c_physicalTab.qt_tabwidget_stackedwidget.m_menuCfgTab.CBaseAlgorithmSettings.grpBoxGlobal
:CBaseDeviceWidgetClass.c_physicalTab.qt_tabwidget_stackedwidget.m_menuCfgTab.CSwitchVlanConfig.m_addButton	CBaseDeviceWidgetClass.c_physicalTab.qt_tabwidget_stackedwidget.m_menuCfgTab.CSwitchVlanConfig.m_addButton
:CBaseDeviceWidgetClass.c_physicalTab.qt_tabwidget_stackedwidget.m_menuCfgTab.CSwitchVlanConfig.m_removeButton	CBaseDeviceWidgetClass.c_physicalTab.qt_tabwidget_stackedwidget.m_menuCfgTab.CSwitchVlanConfig.m_removeButton
:CBaseDeviceWidgetClass.c_physicalTab.qt_tabwidget_stackedwidget.m_menuCfgTab.CSwitchVlanConfig.m_vlanNameEdit	CBaseDeviceWidgetClass.c_physicalTab.qt_tabwidget_stackedwidget.m_menuCfgTab.CSwitchVlanConfig.m_vlanNameEdit
:CBaseDeviceWidgetClass.c_physicalTab.qt_tabwidget_stackedwidget.m_menuCfgTab.CSwitchVlanConfig.m_vlanNameLabel	CBaseDeviceWidgetClass.c_physicalTab.qt_tabwidget_stackedwidget.m_menuCfgTab.CSwitchVlanConfig.m_vlanNameLabel
:CBaseDeviceWidgetClass.c_physicalTab.qt_tabwidget_stackedwidget.m_menuCfgTab.CSwitchVlanConfig.m_vlanNumberEdit	CBaseDeviceWidgetClass.c_physicalTab.qt_tabwidget_stackedwidget.m_menuCfgTab.CSwitchVlanConfig.m_vlanNumberEdit
:CBaseDeviceWidgetClass.c_physicalTab.qt_tabwidget_stackedwidget.m_menuCfgTab.CSwitchVlanConfig.m_vlanNumberLabel	CBaseDeviceWidgetClass.c_physicalTab.qt_tabwidget_stackedwidget.m_menuCfgTab.CSwitchVlanConfig.m_vlanNumberLabel
:CBaseDeviceWidgetClass.c_physicalTab.qt_tabwidget_stackedwidget.m_menuCfgTab.CSwitchVlanConfig.m_vlanTable	CBaseDeviceWidgetClass.c_physicalTab.qt_tabwidget_stackedwidget.m_menuCfgTab.CSwitchVlanConfig.m_vlanTable
:CBaseDeviceWidgetClass.c_physicalTab.qt_tabwidget_stackedwidget.m_menuCfgTab.CSwitchVlanConfig.m_vlanTable.item_0/0	CBaseDeviceWidgetClass.c_physicalTab.qt_tabwidget_stackedwidget.m_menuCfgTab.CSwitchVlanConfig.m_vlanTable.item_0/0
:CBaseDeviceWidgetClass.c_physicalTab.qt_tabwidget_stackedwidget.m_menuCfgTab.m_menuCfgScrollView.qt_scrollarea_viewport.scrollAreaWidget.QFrame1.Ethernet0/0	CBaseDeviceWidgetClass.c_physicalTab.qt_tabwidget_stackedwidget.m_menuCfgTab.m_menuCfgScrollView.qt_scrollarea_viewport.scrollAreaWidget.QFrame1.Ethernet0/0
:CBaseDeviceWidgetClass.c_physicalTab.qt_tabwidget_stackedwidget.m_physicalTab.QScrollArea1.qt_scrollarea_viewport.CModuleContainer1	CBaseDeviceWidgetClass.c_physicalTab.qt_tabwidget_stackedwidget.m_physicalTab.QScrollArea1.qt_scrollarea_viewport.CModuleContainer1
:CBaseMUOptoinsDlg	CBaseMUOptoinsDlg
:CBaseMUOptoinsDlg.m_btnCancel	CBaseMUOptoinsDlg.m_btnCancel
:CBaseOptionsDialog	CBaseOptionsDialog
:CBaseOptionsDialog.m_btnCancel	CBaseOptionsDialog.m_btnCancel
:Cisco Packet Tracer (6.1.0 Griffin-3 Build 66)_CAppWindow	{name='CAppWindowBase' type='CAppWindow' visible='1' windowTitle='Cisco Packet Tracer (6.1.0 Griffin-3 Build 66)'}
:Cisco Packet Tracer (6.1.0 Griffin-3 Build 66)_CLogicalWorkspace	{type='CLogicalWorkspace' unnamed='1' visible='1' window=':Cisco Packet Tracer (6.1.0 Griffin-3 Build 66)_CAppWindow'}
:Cisco Packet Tracer (6.1.0 Griffin-3 Build 68)_CAppWindow	{name='CAppWindowBase' type='CAppWindow' visible='1' windowTitle='Cisco Packet Tracer (6.1.0 Griffin-3 Build 68)'}
:Cisco Packet Tracer (6.1.0 Griffin-3 Build 68)_CGeoView	{type='CGeoView' unnamed='1' visible='1' window=':Cisco Packet Tracer (6.1.0 Griffin-3 Build 68)_CAppWindow'}
:ConfigCustomInterfaces	ConfigCustomInterfaces
:Error	Error
:LAN Multiuser Agent	LAN Multiuser Agent
:Overwrite File?.qt_msgbox_buttonbox.Yes	Overwrite File?.qt_msgbox_buttonbox.Yes
:Router0.c_physicalTab.qt_tabwidget_stackedwidget.m_cliTab.CCommandLine1	Router0.c_physicalTab.qt_tabwidget_stackedwidget.m_cliTab.CCommandLine1
:ScriptingInterface	ScriptingInterface
:ScriptingInterface.Packet Tracer.qt_msgbox_buttonbox.Yes	ScriptingInterface.Packet Tracer.qt_msgbox_buttonbox.Yes
:Terminal	Terminal
:WAN Multiuser Agent	WAN Multiuser Agent
:_QGraphicsItem	{acceptDrops='no' container=':Cisco Packet Tracer (6.1.0 Griffin-3 Build 66)_CLogicalWorkspace' enabled='yes' focusable='no' lineColor='#000000' movable='no' selectable='yes' type='QGraphicsItem' userType='-1' visible='yes'}
:_QGraphicsItem_2	{acceptDrops='no' container=':Cisco Packet Tracer (6.1.0 Griffin-3 Build 68)_CGeoView' enabled='yes' focusable='no' lineColor='#000000' movable='no' selectable='yes' toolTip='City' type='QGraphicsItem' userType='-1' visible='yes'}
:_QGraphicsItem_3	{acceptDrops='no' container=':Cisco Packet Tracer (6.1.0 Griffin-3 Build 68)_CGeoView' enabled='yes' focusable='no' lineColor='#000000' movable='no' selectable='yes' toolTip='Home City' type='QGraphicsItem' userType='-1' visible='yes'}
:_QGraphicsItem_4	{acceptDrops='no' container=':Cisco Packet Tracer (6.1.0 Griffin-3 Build 68)_CGeoView' enabled='yes' focusable='no' lineColor='#000000' movable='no' selectable='yes' toolTip='Office Building' type='QGraphicsItem' userType='-1' visible='yes'}
